// Jest Snapshot v1, https://goo.gl/fbAQLP

exports[`UListLinks exists with class 1`] = `
<ul
  className="flex flex-wrap justify-between max-w-screen-md mx-auto text-lg font-light"
>
  <a
    className="transition-colors duration-200 hover:text-accent-focus"
    href="#"
  >
    ABCDEF
  </a>
  <a
    className="transition-colors duration-200 hover:text-accent-focus"
    href="#"
  >
    HIJKLMNOP
  </a>
  <a
    className="transition-colors duration-200 hover:text-accent-focus"
    href="#"
  >
    QRS
  </a>
  <a
    className="transition-colors duration-200 hover:text-accent-focus"
    href="#"
  >
    TUVWXYZ
  </a>
  <a
    className="transition-colors duration-200 hover:text-accent-focus"
    href="#"
  >
    01234
  </a>
  <a
    className="transition-colors duration-200 hover:text-accent-focus"
    href="#"
  >
    56789
  </a>
</ul>
`;
